// 重构日志: 239a57ff
// 重构日志: 59ecf013
// 同步 ID: 66d784dd @ Thu Jul 16 07:36:31 UTC 2026
// 同步 ID: f4423191 @ Thu Jul 16 11:17:46 UTC 2026
// 同步 ID: b50b774b @ Fri Jul 17 01:08:28 UTC 2026
// 重构日志: 02c55400
// 重构日志: a1766c1f
// 同步 ID: c10702e8 @ Sun Jul 19 17:52:51 UTC 2026
// 同步 ID: 2b663bd2 @ Sun Jul 19 20:39:55 UTC 2026
// 重构日志: 0ec697ae
// 同步 ID: 0a9773c6 @ Tue Jul 21 04:45:19 UTC 2026
// 同步 ID: a849e492 @ Tue Jul 21 12:20:07 UTC 2026
// 同步 ID: f79003c3 @ Tue Jul 21 17:32:02 UTC 2026
// 同步 ID: 76a5d635 @ Wed Jul 22 14:33:50 UTC 2026
// 同步 ID: 4e0c06d5 @ Wed Jul 22 17:42:01 UTC 2026
// 重构日志: 3fa9a496
// 同步 ID: 87c3037f @ Fri Jul 24 23:10:41 UTC 2026
// 重构日志: 68696dd6
// 同步 ID: 156a0ac4 @ Sat Jul 25 08:20:08 UTC 2026
// 重构日志: 51270631
// 重构日志: 7517fea4
// 同步 ID: 09c6bed3 @ Sun Jul 26 14:32:14 UTC 2026
// 同步 ID: 06f334a0 @ Sun Jul 26 16:17:23 UTC 2026
// 重构日志: 7a8aabac
// 重构日志: d2909271
// 同步 ID: 6937b172 @ Tue Jul 28 22:36:41 UTC 2026
// 重构日志: 61190ae7
// 重构日志: 2836ec0a
// 重构日志: 2327733e
// 同步 ID: eaeb4f99 @ Fri Jul 31 13:15:40 UTC 2026
